// Jest Snapshot v1, https://goo.gl/fbAQLP

exports[`renders App.tsx correctly 1`] = `"App"`;
